# price export diff: catalogue version 2026-09-18 vs 2026-09-19 (after import 8841)
# all figures ex VAT, GBP unless the list says otherwise
HF-SLATE-8787    was= 110.00 now=  86.00 list=price-list-trade channel=web changed_by=import-8841 note=fallback_applied
HF-PORC-1725     was= 190.00 now= 379.00 list=price-list-trade channel=pos changed_by=import-8841 note=rounded_to_pence
HF-VINYL-5124    was= 217.00 now= 172.00 list=price-list-trade channel=pos changed_by=import-8841 note=price_ex_vat_recomputed
HF-PORC-1336     was= 128.00 now= 272.00 list=price-list-uk channel=pos changed_by=import-8841 note=rounded_to_pence
HF-BAMBOO-1429   was= 203.00 now= 128.00 list=price-list-uk channel=pos changed_by=import-8841 note=rounded_to_pence
HF-BAMBOO-2856   was= 401.00 now= 115.00 list=price-list-trade channel=web changed_by=import-8841 note=no_fallback_available
HF-MARBLE-7794   was=  14.00 now=  64.00 list=price-list-trade channel=trade changed_by=import-8841 note=no_fallback_available
HF-MARBLE-6071   was= 113.00 now= 133.00 list=price-list-trade channel=web changed_by=import-8841 note=fallback_applied
HF-BAMBOO-3531   was= 293.00 now=  92.00 list=price-list-trade channel=web changed_by=import-8841 note=no_fallback_available
HF-TRAV-7777     was= 367.00 now= 377.00 list=price-list-trade channel=trade changed_by=import-8841 note=list_currency_mismatch
HF-LIME-7071     was=  64.00 now= 214.00 list=price-list-uk channel=trade changed_by=import-8841 note=price_ex_vat_recomputed
HF-PORC-3443     was= 170.00 now= 148.00 list=price-list-uk channel=web changed_by=import-8841 note=list_currency_mismatch
HF-VINYL-7474    was= 241.00 now= 264.00 list=price-list-trade channel=web changed_by=import-8841 note=rounded_to_pence
HF-PORC-5494     was= 191.00 now=  73.00 list=price-list-trade channel=web changed_by=import-8841 note=rounded_to_pence
HF-GRANITE-4465  was= 251.00 now= 312.00 list=price-list-uk channel=pos changed_by=import-8841 note=no_fallback_available
HF-OAK-2951      was= 336.00 now= 382.00 list=price-list-trade channel=trade changed_by=import-8841 note=no_fallback_available
HF-MARBLE-5602   was= 337.00 now=  11.00 list=price-list-uk channel=trade changed_by=import-8841 note=fallback_applied
HF-TERRA-3682    was= 250.00 now= 281.00 list=price-list-trade channel=pos changed_by=import-8841 note=rounded_to_pence
HF-PORC-6293     was= 260.00 now= 116.00 list=price-list-uk channel=web changed_by=import-8841 note=list_currency_mismatch
HF-BAMBOO-6576   was= 367.00 now= 187.00 list=price-list-trade channel=pos changed_by=import-8841 note=rounded_to_pence
HF-OAK-6756      was=  34.00 now= 295.00 list=price-list-uk channel=pos changed_by=import-8841 note=list_currency_mismatch
HF-PORC-2489     was= 255.00 now= 118.00 list=price-list-trade channel=web changed_by=import-8841 note=rounded_to_pence
HF-BAMBOO-3309   was= 115.00 now= 273.00 list=price-list-uk channel=pos changed_by=import-8841 note=fallback_applied
HF-TERRA-7617    was= 299.00 now= 253.00 list=price-list-uk channel=trade changed_by=import-8841 note=price_ex_vat_recomputed
HF-MARBLE-4591   was= 149.00 now=  57.00 list=price-list-trade channel=trade changed_by=import-8841 note=rounded_to_pence
HF-GRANITE-4230  was= 176.00 now=  49.00 list=price-list-uk channel=web changed_by=import-8841 note=rounded_to_pence
HF-TRAV-1205     was=  56.00 now= 396.00 list=price-list-uk channel=pos changed_by=import-8841 note=no_fallback_available
HF-MARBLE-1399   was= 340.00 now= 336.00 list=price-list-uk channel=trade changed_by=import-8841 note=list_currency_mismatch
HF-BAMBOO-6893   was=  21.00 now= 268.00 list=price-list-trade channel=web changed_by=import-8841 note=price_ex_vat_recomputed
HF-MARBLE-4511   was= 358.00 now=  17.00 list=price-list-trade channel=pos changed_by=import-8841 note=fallback_applied
HF-PORC-2224     was=  79.00 now= 302.00 list=price-list-trade channel=pos changed_by=import-8841 note=list_currency_mismatch
HF-GRANITE-6325  was= 146.00 now= 287.00 list=price-list-uk channel=trade changed_by=import-8841 note=rounded_to_pence
HF-GRANITE-1184  was= 172.00 now=  72.00 list=price-list-uk channel=pos changed_by=import-8841 note=list_currency_mismatch
HF-OAK-6194      was= 367.00 now= 164.00 list=price-list-uk channel=web changed_by=import-8841 note=fallback_applied
HF-SLATE-4942    was= 373.00 now= 409.00 list=price-list-trade channel=trade changed_by=import-8841 note=price_ex_vat_recomputed
HF-SLATE-6542    was= 205.00 now=  42.00 list=price-list-uk channel=trade changed_by=import-8841 note=rounded_to_pence
HF-OAK-3725      was= 223.00 now= 390.00 list=price-list-uk channel=web changed_by=import-8841 note=price_ex_vat_recomputed
HF-SLATE-5623    was= 320.00 now= 309.00 list=price-list-uk channel=trade changed_by=import-8841 note=no_fallback_available
HF-PORC-2749     was= 403.00 now= 329.00 list=price-list-trade channel=pos changed_by=import-8841 note=price_ex_vat_recomputed
HF-TRAV-2154     was= 182.00 now= 257.00 list=price-list-trade channel=trade changed_by=import-8841 note=price_ex_vat_recomputed
HF-TRAV-8984     was= 145.00 now= 380.00 list=price-list-trade channel=pos changed_by=import-8841 note=list_currency_mismatch
HF-MARBLE-8593   was= 354.00 now=  60.00 list=price-list-uk channel=pos changed_by=import-8841 note=list_currency_mismatch
HF-MARBLE-6394   was= 243.00 now= 163.00 list=price-list-trade channel=pos changed_by=import-8841 note=no_fallback_available
HF-TERRA-1818    was= 348.00 now= 189.00 list=price-list-uk channel=web changed_by=import-8841 note=list_currency_mismatch
HF-SLATE-2098    was= 177.00 now=  13.00 list=price-list-trade channel=trade changed_by=import-8841 note=list_currency_mismatch
HF-GRANITE-2407  was= 332.00 now= 218.00 list=price-list-uk channel=pos changed_by=import-8841 note=no_fallback_available
HF-SLATE-5240    was= 127.00 now= 350.00 list=price-list-uk channel=web changed_by=import-8841 note=no_fallback_available
HF-OAK-4343      was= 311.00 now= 387.00 list=price-list-trade channel=web changed_by=import-8841 note=no_fallback_available
HF-BAMBOO-2965   was= 133.00 now= 292.00 list=price-list-uk channel=trade changed_by=import-8841 note=rounded_to_pence
HF-GRANITE-5204  was= 178.00 now= 269.00 list=price-list-uk channel=pos changed_by=import-8841 note=price_ex_vat_recomputed
HF-MARBLE-7108   was= 211.00 now= 271.00 list=price-list-uk channel=web changed_by=import-8841 note=no_fallback_available
HF-PORC-3436     was=  10.00 now= 214.00 list=price-list-trade channel=web changed_by=import-8841 note=list_currency_mismatch
HF-LIME-6143     was= 335.00 now= 402.00 list=price-list-uk channel=trade changed_by=import-8841 note=no_fallback_available
HF-PORC-3600     was=  82.00 now=  48.00 list=price-list-trade channel=web changed_by=import-8841 note=price_ex_vat_recomputed
HF-TERRA-5260    was=  78.00 now= 209.00 list=price-list-trade channel=pos changed_by=import-8841 note=fallback_applied
HF-MARBLE-4648   was= 161.00 now= 124.00 list=price-list-trade channel=pos changed_by=import-8841 note=rounded_to_pence
HF-GRANITE-7624  was= 401.00 now= 144.00 list=price-list-trade channel=trade changed_by=import-8841 note=rounded_to_pence
HF-OAK-3080      was= 217.00 now=  69.00 list=price-list-trade channel=trade changed_by=import-8841 note=price_ex_vat_recomputed
HF-LIME-3695     was= 280.00 now= 120.00 list=price-list-trade channel=web changed_by=import-8841 note=no_fallback_available
HF-PORC-7090     was= 185.00 now= 130.00 list=price-list-uk channel=trade changed_by=import-8841 note=no_fallback_available
HF-GRANITE-1548  was= 290.00 now= 401.00 list=price-list-uk channel=web changed_by=import-8841 note=rounded_to_pence
HF-TRAV-3054     was= 259.00 now= 308.00 list=price-list-trade channel=trade changed_by=import-8841 note=list_currency_mismatch
HF-VINYL-7552    was= 394.00 now= 246.00 list=price-list-trade channel=trade changed_by=import-8841 note=rounded_to_pence
HF-LIME-3372     was= 202.00 now= 402.00 list=price-list-trade channel=web changed_by=import-8841 note=list_currency_mismatch
HF-BAMBOO-4421   was= 234.00 now=  30.00 list=price-list-trade channel=trade changed_by=import-8841 note=rounded_to_pence
HF-TERRA-5854    was= 305.00 now=  35.00 list=price-list-uk channel=web changed_by=import-8841 note=no_fallback_available
HF-BAMBOO-8857   was=  60.00 now= 325.00 list=price-list-uk channel=web changed_by=import-8841 note=no_fallback_available
HF-BAMBOO-7129   was= 391.00 now= 179.00 list=price-list-uk channel=pos changed_by=import-8841 note=list_currency_mismatch
HF-GRANITE-7981  was= 142.00 now= 347.00 list=price-list-uk channel=trade changed_by=import-8841 note=no_fallback_available
HF-PORC-1813     was= 155.00 now= 310.00 list=price-list-uk channel=web changed_by=import-8841 note=no_fallback_available
HF-MARBLE-5615   was= 172.00 now= 133.00 list=price-list-trade channel=pos changed_by=import-8841 note=fallback_applied
HF-BAMBOO-8955   was= 330.00 now= 227.00 list=price-list-uk channel=web changed_by=import-8841 note=no_fallback_available
HF-TRAV-6234     was= 220.00 now= 151.00 list=price-list-trade channel=trade changed_by=import-8841 note=no_fallback_available
HF-BAMBOO-8263   was= 343.00 now= 392.00 list=price-list-trade channel=trade changed_by=import-8841 note=fallback_applied
HF-GRANITE-1889  was= 199.00 now= 178.00 list=price-list-trade channel=trade changed_by=import-8841 note=price_ex_vat_recomputed
HF-TRAV-3375     was= 238.00 now= 287.00 list=price-list-trade channel=pos changed_by=import-8841 note=list_currency_mismatch
HF-BAMBOO-1668   was= 290.00 now= 203.00 list=price-list-uk channel=pos changed_by=import-8841 note=no_fallback_available
HF-PORC-7808     was=  78.00 now= 141.00 list=price-list-uk channel=web changed_by=import-8841 note=list_currency_mismatch
HF-LIME-2713     was=  89.00 now= 127.00 list=price-list-trade channel=pos changed_by=import-8841 note=fallback_applied
HF-SLATE-8130    was= 211.00 now= 273.00 list=price-list-uk channel=web changed_by=import-8841 note=price_ex_vat_recomputed
HF-TERRA-5909    was= 134.00 now= 406.00 list=price-list-uk channel=web changed_by=import-8841 note=no_fallback_available
HF-BAMBOO-5764   was= 318.00 now= 200.00 list=price-list-trade channel=trade changed_by=import-8841 note=price_ex_vat_recomputed
HF-TERRA-7307    was=  66.00 now= 129.00 list=price-list-uk channel=trade changed_by=import-8841 note=price_ex_vat_recomputed
HF-SLATE-5068    was= 189.00 now=  95.00 list=price-list-uk channel=web changed_by=import-8841 note=fallback_applied
HF-TRAV-1203     was= 353.00 now= 401.00 list=price-list-uk channel=pos changed_by=import-8841 note=no_fallback_available
HF-BAMBOO-6809   was= 112.00 now=  32.00 list=price-list-trade channel=web changed_by=import-8841 note=list_currency_mismatch
HF-LIME-5930     was= 103.00 now= 170.00 list=price-list-trade channel=trade changed_by=import-8841 note=price_ex_vat_recomputed
HF-TERRA-2595    was= 166.00 now= 230.00 list=price-list-uk channel=trade changed_by=import-8841 note=fallback_applied
HF-VINYL-1348    was= 241.00 now= 395.00 list=price-list-uk channel=web changed_by=import-8841 note=list_currency_mismatch
HF-GRANITE-3380  was= 127.00 now= 288.00 list=price-list-trade channel=web changed_by=import-8841 note=fallback_applied
HF-PORC-4552     was=  62.00 now= 356.00 list=price-list-trade channel=trade changed_by=import-8841 note=price_ex_vat_recomputed
HF-SLATE-8912    was= 262.00 now=  22.00 list=price-list-trade channel=trade changed_by=import-8841 note=no_fallback_available
HF-SLATE-7420    was= 123.00 now= 233.00 list=price-list-uk channel=pos changed_by=import-8841 note=rounded_to_pence
HF-PORC-7132     was=  59.00 now= 370.00 list=price-list-trade channel=web changed_by=import-8841 note=rounded_to_pence
HF-BAMBOO-7977   was= 143.00 now= 191.00 list=price-list-uk channel=pos changed_by=import-8841 note=no_fallback_available
HF-TRAV-2726     was= 228.00 now= 176.00 list=price-list-trade channel=trade changed_by=import-8841 note=price_ex_vat_recomputed
HF-LIME-8304     was=  85.00 now= 388.00 list=price-list-uk channel=web changed_by=import-8841 note=price_ex_vat_recomputed
HF-TERRA-4494    was=  37.00 now= 305.00 list=price-list-uk channel=trade changed_by=import-8841 note=rounded_to_pence
HF-OAK-8360      was= 192.00 now= 268.00 list=price-list-trade channel=web changed_by=import-8841 note=fallback_applied
HF-MARBLE-1050   was= 201.00 now= 308.00 list=price-list-uk channel=trade changed_by=import-8841 note=price_ex_vat_recomputed
HF-VINYL-5542    was= 195.00 now= 361.00 list=price-list-uk channel=trade changed_by=import-8841 note=fallback_applied
HF-GRANITE-4766  was= 376.00 now=  24.00 list=price-list-uk channel=web changed_by=import-8841 note=no_fallback_available
HF-OAK-7215      was= 250.00 now= 271.00 list=price-list-uk channel=pos changed_by=import-8841 note=no_fallback_available
HF-GRANITE-4527  was= 367.00 now= 382.00 list=price-list-uk channel=pos changed_by=import-8841 note=no_fallback_available
HF-MARBLE-3618   was=  37.00 now= 302.00 list=price-list-uk channel=pos changed_by=import-8841 note=fallback_applied
HF-TRAV-8576     was= 340.00 now= 140.00 list=price-list-uk channel=trade changed_by=import-8841 note=rounded_to_pence
HF-VINYL-8416    was= 142.00 now= 118.00 list=price-list-trade channel=trade changed_by=import-8841 note=list_currency_mismatch
HF-GRANITE-2585  was=  90.00 now= 162.00 list=price-list-trade channel=pos changed_by=import-8841 note=list_currency_mismatch
HF-BAMBOO-6640   was= 143.00 now= 245.00 list=price-list-uk channel=trade changed_by=import-8841 note=list_currency_mismatch
HF-TRAV-8217     was= 368.00 now= 366.00 list=price-list-uk channel=web changed_by=import-8841 note=rounded_to_pence
HF-PORC-1873     was=  72.00 now= 283.00 list=price-list-uk channel=trade changed_by=import-8841 note=fallback_applied
HF-GRANITE-8002  was=  97.00 now= 229.00 list=price-list-uk channel=web changed_by=import-8841 note=price_ex_vat_recomputed
HF-MARBLE-2749   was= 355.00 now= 125.00 list=price-list-trade channel=web changed_by=import-8841 note=price_ex_vat_recomputed
HF-PORC-7470     was= 235.00 now=  90.00 list=price-list-uk channel=trade changed_by=import-8841 note=price_ex_vat_recomputed
HF-BAMBOO-5168   was= 166.00 now= 115.00 list=price-list-trade channel=pos changed_by=import-8841 note=list_currency_mismatch
HF-TERRA-8030    was= 270.00 now= 326.00 list=price-list-uk channel=pos changed_by=import-8841 note=list_currency_mismatch
HF-BAMBOO-2690   was= 144.00 now= 268.00 list=price-list-trade channel=web changed_by=import-8841 note=list_currency_mismatch
HF-MARBLE-3084   was= 222.00 now=  47.00 list=price-list-uk channel=pos changed_by=import-8841 note=list_currency_mismatch
HF-LIME-4143     was= 319.00 now=  81.00 list=price-list-uk channel=web changed_by=import-8841 note=no_fallback_available
HF-MARBLE-3865   was= 403.00 now= 250.00 list=price-list-uk channel=trade changed_by=import-8841 note=fallback_applied
HF-PORC-8660     was= 110.00 now= 333.00 list=price-list-trade channel=web changed_by=import-8841 note=fallback_applied
HF-GRANITE-7388  was= 124.00 now= 130.00 list=price-list-uk channel=web changed_by=import-8841 note=rounded_to_pence
HF-PORC-7748     was= 101.00 now= 199.00 list=price-list-trade channel=pos changed_by=import-8841 note=price_ex_vat_recomputed
HF-OAK-4566      was= 195.00 now= 109.00 list=price-list-uk channel=web changed_by=import-8841 note=rounded_to_pence
HF-LIME-2837     was= 146.00 now= 218.00 list=price-list-uk channel=pos changed_by=import-8841 note=no_fallback_available
HF-LIME-8950     was= 273.00 now=  37.00 list=price-list-uk channel=pos changed_by=import-8841 note=rounded_to_pence
HF-VINYL-2586    was= 312.00 now= 285.00 list=price-list-trade channel=web changed_by=import-8841 note=no_fallback_available
HF-VINYL-1396    was= 320.00 now=  77.00 list=price-list-uk channel=web changed_by=import-8841 note=rounded_to_pence
HF-TERRA-4507    was=  73.00 now= 182.00 list=price-list-uk channel=pos changed_by=import-8841 note=rounded_to_pence
HF-GRANITE-2812  was= 243.00 now= 255.00 list=price-list-uk channel=web changed_by=import-8841 note=no_fallback_available
HF-LIME-7820     was=  81.00 now=  36.00 list=price-list-uk channel=trade changed_by=import-8841 note=fallback_applied
HF-VINYL-8183    was= 278.00 now=  39.00 list=price-list-trade channel=web changed_by=import-8841 note=price_ex_vat_recomputed
HF-BAMBOO-8581   was= 360.00 now= 209.00 list=price-list-uk channel=pos changed_by=import-8841 note=list_currency_mismatch
HF-BAMBOO-4920   was= 169.00 now= 262.00 list=price-list-uk channel=web changed_by=import-8841 note=fallback_applied
HF-BAMBOO-6092   was= 215.00 now= 304.00 list=price-list-trade channel=trade changed_by=import-8841 note=list_currency_mismatch
HF-LIME-3984     was= 329.00 now=  47.00 list=price-list-trade channel=web changed_by=import-8841 note=rounded_to_pence
HF-SLATE-6342    was= 217.00 now= 303.00 list=price-list-trade channel=trade changed_by=import-8841 note=fallback_applied
HF-SLATE-5245    was=  37.00 now= 162.00 list=price-list-trade channel=pos changed_by=import-8841 note=no_fallback_available
HF-OAK-7878      was= 397.00 now= 289.00 list=price-list-uk channel=trade changed_by=import-8841 note=price_ex_vat_recomputed
HF-VINYL-8824    was=  13.00 now= 389.00 list=price-list-trade channel=pos changed_by=import-8841 note=price_ex_vat_recomputed
HF-TERRA-6429    was= 361.00 now= 109.00 list=price-list-uk channel=web changed_by=import-8841 note=rounded_to_pence
HF-OAK-2439      was= 105.00 now= 269.00 list=price-list-trade channel=trade changed_by=import-8841 note=list_currency_mismatch
HF-SLATE-7382    was=  34.00 now= 172.00 list=price-list-trade channel=trade changed_by=import-8841 note=rounded_to_pence
HF-TRAV-8364     was= 266.00 now= 383.00 list=price-list-uk channel=trade changed_by=import-8841 note=list_currency_mismatch
HF-GRANITE-8310  was=  26.00 now= 133.00 list=price-list-trade channel=pos changed_by=import-8841 note=price_ex_vat_recomputed
HF-TERRA-1343    was= 258.00 now= 384.00 list=price-list-uk channel=trade changed_by=import-8841 note=price_ex_vat_recomputed
HF-TRAV-1115     was=  37.00 now= 125.00 list=price-list-trade channel=trade changed_by=import-8841 note=fallback_applied
HF-MARBLE-1438   was= 292.00 now= 349.00 list=price-list-trade channel=web changed_by=import-8841 note=fallback_applied
HF-VINYL-4936    was= 310.00 now= 239.00 list=price-list-trade channel=web changed_by=import-8841 note=no_fallback_available
HF-BAMBOO-7509   was= 139.00 now= 359.00 list=price-list-trade channel=pos changed_by=import-8841 note=fallback_applied
HF-MARBLE-2261   was= 173.00 now= 216.00 list=price-list-trade channel=web changed_by=import-8841 note=list_currency_mismatch
HF-TERRA-3717    was=  84.00 now= 302.00 list=price-list-uk channel=trade changed_by=import-8841 note=rounded_to_pence
HF-OAK-4680      was= 247.00 now= 298.00 list=price-list-uk channel=web changed_by=import-8841 note=price_ex_vat_recomputed
HF-BAMBOO-1827   was=  36.00 now= 190.00 list=price-list-uk channel=web changed_by=import-8841 note=rounded_to_pence
HF-BAMBOO-6062   was= 360.00 now= 206.00 list=price-list-uk channel=trade changed_by=import-8841 note=list_currency_mismatch
HF-LIME-1461     was= 297.00 now= 155.00 list=price-list-trade channel=pos changed_by=import-8841 note=price_ex_vat_recomputed
HF-OAK-8939      was=  71.00 now= 307.00 list=price-list-uk channel=trade changed_by=import-8841 note=fallback_applied
HF-BAMBOO-7465   was= 215.00 now= 123.00 list=price-list-uk channel=pos changed_by=import-8841 note=price_ex_vat_recomputed
HF-MARBLE-2144   was= 164.00 now= 161.00 list=price-list-trade channel=web changed_by=import-8841 note=rounded_to_pence
HF-GRANITE-4992  was= 256.00 now= 203.00 list=price-list-trade channel=pos changed_by=import-8841 note=no_fallback_available
HF-BAMBOO-7313   was= 257.00 now= 236.00 list=price-list-uk channel=trade changed_by=import-8841 note=rounded_to_pence
HF-OAK-7665      was= 109.00 now= 203.00 list=price-list-uk channel=pos changed_by=import-8841 note=list_currency_mismatch
HF-LIME-5243     was= 372.00 now=  35.00 list=price-list-trade channel=web changed_by=import-8841 note=rounded_to_pence
HF-PORC-3545     was= 215.00 now= 217.00 list=price-list-trade channel=pos changed_by=import-8841 note=price_ex_vat_recomputed
HF-BAMBOO-7920   was=  40.00 now=  63.00 list=price-list-uk channel=trade changed_by=import-8841 note=no_fallback_available
HF-MARBLE-2731   was= 345.00 now= 213.00 list=price-list-uk channel=trade changed_by=import-8841 note=list_currency_mismatch
HF-OAK-2030      was=  80.00 now= 395.00 list=price-list-uk channel=web changed_by=import-8841 note=no_fallback_available
HF-BAMBOO-8534   was= 142.00 now= 326.00 list=price-list-uk channel=trade changed_by=import-8841 note=list_currency_mismatch
HF-OAK-8228      was=  13.00 now= 203.00 list=price-list-uk channel=trade changed_by=import-8841 note=list_currency_mismatch
