# storefront edge log, filtered to 5xx, 2026-09-19 18:00Z - 21:00Z
# tenant halberd-fen, 4 points of presence, sampled 1:1
2026-09-19T18:11:29Z edge cf-ray=92010b387768 /cart/apply-code status=504 upstream=catalogue-api upstream_ms=9627 retry=2 msg="catalogue-api: read timeout after 8s"
2026-09-19T18:22:58Z edge cf-ray=7b20872a907d /checkout/address status=503 upstream=catalogue-api upstream_ms=7679 retry=1 msg="connection reset by peer while reading price list"
2026-09-19T18:33:27Z edge cf-ray=d8b9fb81a390 /cart/lines status=503 upstream=catalogue-api upstream_ms=1817 retry=1 msg="catalogue-api: 503 from price resolver"
2026-09-19T18:44:56Z edge cf-ray=fec612f321e8 /checkout/confirm status=503 upstream=catalogue-api upstream_ms=6170 retry=0 msg="connection reset by peer while reading price list"
2026-09-19T18:55:25Z edge cf-ray=45d00e570343 /checkout/confirm status=502 upstream=catalogue-api upstream_ms=5886 retry=2 msg="price resolver busy, queue depth 412"
2026-09-19T18:06:54Z edge cf-ray=639847cb385d /checkout/quote status=503 upstream=catalogue-api upstream_ms=2929 retry=0 msg="catalogue-api: read timeout after 8s"
2026-09-19T18:17:23Z edge cf-ray=17e03afca213 /checkout/quote status=503 upstream=catalogue-api upstream_ms=7617 retry=1 msg="catalogue-api: 503 from price resolver"
2026-09-19T18:28:52Z edge cf-ray=a75ac65cea64 /checkout/shipping status=503 upstream=catalogue-api upstream_ms=9731 retry=1 msg="catalogue-api: 503 from price resolver"
2026-09-19T18:39:21Z edge cf-ray=7c717bfe04f6 /checkout/shipping status=504 upstream=catalogue-api upstream_ms=7112 retry=1 msg="catalogue-api: no healthy upstream"
2026-09-19T18:50:50Z edge cf-ray=3e690163e31f /checkout/confirm status=503 upstream=catalogue-api upstream_ms=9009 retry=2 msg="connection reset by peer while reading price list"
2026-09-19T18:01:19Z edge cf-ray=7bbfed112cc8 /cart/apply-code status=504 upstream=catalogue-api upstream_ms=5483 retry=1 msg="connection reset by peer while reading price list"
2026-09-19T18:12:48Z edge cf-ray=680907f1f1ee /checkout/shipping status=504 upstream=catalogue-api upstream_ms=1236 retry=1 msg="catalogue-api: 503 from price resolver"
2026-09-19T18:23:17Z edge cf-ray=533036be360c /checkout/pay status=503 upstream=catalogue-api upstream_ms=5588 retry=2 msg="catalogue-api: read timeout after 8s"
2026-09-19T18:34:46Z edge cf-ray=f752c99bdb2d /cart status=503 upstream=catalogue-api upstream_ms=6933 retry=2 msg="connection reset by peer while reading price list"
2026-09-19T18:45:15Z edge cf-ray=034b0da4f614 /checkout/address status=503 upstream=catalogue-api upstream_ms=2180 retry=2 msg="catalogue-api: no healthy upstream"
2026-09-19T18:56:44Z edge cf-ray=30485254249b /checkout/address status=503 upstream=catalogue-api upstream_ms=8023 retry=2 msg="catalogue-api: 503 from price resolver"
2026-09-19T18:07:13Z edge cf-ray=f0696be2d3ab /checkout/quote status=503 upstream=catalogue-api upstream_ms=3162 retry=1 msg="catalogue-api: no healthy upstream"
2026-09-19T18:18:42Z edge cf-ray=c7ca26666b73 /cart/lines status=503 upstream=catalogue-api upstream_ms=6381 retry=1 msg="catalogue-api: no healthy upstream"
2026-09-19T18:29:11Z edge cf-ray=bda303db9e61 /checkout/quote status=503 upstream=catalogue-api upstream_ms=1005 retry=1 msg="catalogue-api: 503 from price resolver"
2026-09-19T18:40:40Z edge cf-ray=9e63cad8a754 /checkout/pay status=503 upstream=catalogue-api upstream_ms=2503 retry=1 msg="price resolver busy, queue depth 412"
2026-09-19T18:51:09Z edge cf-ray=73299df96787 /checkout/address status=502 upstream=catalogue-api upstream_ms=4227 retry=0 msg="catalogue-api: 503 from price resolver"
2026-09-19T18:02:38Z edge cf-ray=19a91639d43b /checkout/pay status=503 upstream=catalogue-api upstream_ms=8784 retry=2 msg="price resolver busy, queue depth 412"
2026-09-19T18:13:07Z edge cf-ray=75c870917843 /checkout/quote status=503 upstream=catalogue-api upstream_ms=1286 retry=0 msg="catalogue-api: read timeout after 8s"
2026-09-19T18:24:36Z edge cf-ray=56513ec8b8f4 /cart/apply-code status=503 upstream=catalogue-api upstream_ms=5920 retry=2 msg="catalogue-api: no healthy upstream"
2026-09-19T18:35:05Z edge cf-ray=7eebecafc415 /cart/apply-code status=503 upstream=catalogue-api upstream_ms=4577 retry=0 msg="catalogue-api: 503 from price resolver"
2026-09-19T18:46:34Z edge cf-ray=28d329d60dcd /checkout/confirm status=503 upstream=catalogue-api upstream_ms=2818 retry=0 msg="price resolver busy, queue depth 412"
2026-09-19T18:57:03Z edge cf-ray=54d4f59dc28d /checkout/quote status=503 upstream=catalogue-api upstream_ms=3015 retry=2 msg="catalogue-api: read timeout after 8s"
2026-09-19T18:08:32Z edge cf-ray=9f9d9475608d /cart/lines status=504 upstream=catalogue-api upstream_ms=5552 retry=1 msg="price resolver busy, queue depth 412"
2026-09-19T18:19:01Z edge cf-ray=e84fb5f5deb7 /cart/lines status=502 upstream=catalogue-api upstream_ms=7102 retry=1 msg="price resolver busy, queue depth 412"
2026-09-19T18:30:30Z edge cf-ray=a374ed9d327a /checkout/confirm status=504 upstream=catalogue-api upstream_ms=3492 retry=1 msg="catalogue-api: read timeout after 8s"
2026-09-19T18:41:59Z edge cf-ray=d33eb5463507 /checkout/pay status=503 upstream=catalogue-api upstream_ms=7187 retry=1 msg="price resolver busy, queue depth 412"
2026-09-19T18:52:28Z edge cf-ray=e94a2e5ed955 /checkout/pay status=503 upstream=catalogue-api upstream_ms=2488 retry=0 msg="connection reset by peer while reading price list"
2026-09-19T18:03:57Z edge cf-ray=802ac07ccbca /checkout/address status=502 upstream=catalogue-api upstream_ms=9598 retry=1 msg="price resolver busy, queue depth 412"
2026-09-19T18:14:26Z edge cf-ray=71034a966c05 /cart/apply-code status=503 upstream=catalogue-api upstream_ms=9749 retry=2 msg="price resolver busy, queue depth 412"
2026-09-19T18:25:55Z edge cf-ray=3c67836781f6 /checkout/quote status=503 upstream=catalogue-api upstream_ms=3668 retry=1 msg="catalogue-api: 503 from price resolver"
2026-09-19T18:36:24Z edge cf-ray=bb3983599ca5 /checkout/shipping status=503 upstream=catalogue-api upstream_ms=4927 retry=1 msg="connection reset by peer while reading price list"
2026-09-19T18:47:53Z edge cf-ray=5dc70da33d0f /cart/lines status=503 upstream=catalogue-api upstream_ms=7969 retry=1 msg="catalogue-api: read timeout after 8s"
2026-09-19T18:58:22Z edge cf-ray=a66435b9b39d /checkout/quote status=503 upstream=catalogue-api upstream_ms=2778 retry=0 msg="connection reset by peer while reading price list"
2026-09-19T18:09:51Z edge cf-ray=e67f3a250ff2 /cart/apply-code status=503 upstream=catalogue-api upstream_ms=7742 retry=2 msg="catalogue-api: 503 from price resolver"
2026-09-19T18:20:20Z edge cf-ray=1bac01aab641 /cart/apply-code status=503 upstream=catalogue-api upstream_ms=4886 retry=0 msg="connection reset by peer while reading price list"
2026-09-19T18:31:49Z edge cf-ray=8cd47bc52dd9 /cart/apply-code status=504 upstream=catalogue-api upstream_ms=5872 retry=0 msg="catalogue-api: 503 from price resolver"
2026-09-19T18:42:18Z edge cf-ray=2de99eb04a48 /cart/apply-code status=503 upstream=catalogue-api upstream_ms=3800 retry=1 msg="catalogue-api: 503 from price resolver"
2026-09-19T18:53:47Z edge cf-ray=59db5be297e2 /cart/apply-code status=503 upstream=catalogue-api upstream_ms=918 retry=1 msg="catalogue-api: read timeout after 8s"
2026-09-19T18:04:16Z edge cf-ray=10394281a3bc /checkout/pay status=503 upstream=catalogue-api upstream_ms=8991 retry=2 msg="catalogue-api: read timeout after 8s"
2026-09-19T18:15:45Z edge cf-ray=6962369254f1 /cart/apply-code status=502 upstream=catalogue-api upstream_ms=3602 retry=1 msg="connection reset by peer while reading price list"
2026-09-19T18:26:14Z edge cf-ray=e34e23d4fadb /checkout/address status=503 upstream=catalogue-api upstream_ms=4037 retry=0 msg="catalogue-api: 503 from price resolver"
2026-09-19T18:37:43Z edge cf-ray=9cecdc35f3f8 /checkout/confirm status=503 upstream=catalogue-api upstream_ms=5410 retry=0 msg="catalogue-api: no healthy upstream"
2026-09-19T18:48:12Z edge cf-ray=aace95793f92 /checkout/shipping status=502 upstream=catalogue-api upstream_ms=4193 retry=2 msg="catalogue-api: no healthy upstream"
2026-09-19T18:59:41Z edge cf-ray=bd873311c29e /checkout/quote status=502 upstream=catalogue-api upstream_ms=6884 retry=0 msg="price resolver busy, queue depth 412"
2026-09-19T18:10:10Z edge cf-ray=e10b4d0f6136 /checkout/pay status=503 upstream=catalogue-api upstream_ms=9062 retry=2 msg="catalogue-api: 503 from price resolver"
2026-09-19T18:21:39Z edge cf-ray=d4beba866bc0 /checkout/pay status=503 upstream=catalogue-api upstream_ms=3178 retry=0 msg="catalogue-api: no healthy upstream"
2026-09-19T18:32:08Z edge cf-ray=ca1af3c74411 /checkout/quote status=503 upstream=catalogue-api upstream_ms=4327 retry=0 msg="connection reset by peer while reading price list"
2026-09-19T18:43:37Z edge cf-ray=7552a4902743 /checkout/confirm status=503 upstream=catalogue-api upstream_ms=7084 retry=1 msg="connection reset by peer while reading price list"
2026-09-19T18:54:06Z edge cf-ray=81a30b5d208a /cart/lines status=503 upstream=catalogue-api upstream_ms=3404 retry=2 msg="catalogue-api: 503 from price resolver"
2026-09-19T18:05:35Z edge cf-ray=3e5a92cd3c92 /checkout/confirm status=504 upstream=catalogue-api upstream_ms=3150 retry=2 msg="catalogue-api: no healthy upstream"
2026-09-19T18:16:04Z edge cf-ray=18cfa3f2db74 /cart status=503 upstream=catalogue-api upstream_ms=5094 retry=1 msg="price resolver busy, queue depth 412"
2026-09-19T18:27:33Z edge cf-ray=e2d2909071fd /checkout/address status=502 upstream=catalogue-api upstream_ms=6384 retry=1 msg="catalogue-api: read timeout after 8s"
2026-09-19T18:38:02Z edge cf-ray=19c5d2149dbf /cart/apply-code status=503 upstream=catalogue-api upstream_ms=9603 retry=0 msg="connection reset by peer while reading price list"
2026-09-19T18:49:31Z edge cf-ray=7bba2872e392 /cart status=503 upstream=catalogue-api upstream_ms=8974 retry=2 msg="catalogue-api: no healthy upstream"
2026-09-19T18:00:00Z edge cf-ray=3269af6edc0a /cart status=503 upstream=catalogue-api upstream_ms=6977 retry=0 msg="catalogue-api: read timeout after 8s"
2026-09-19T18:11:29Z edge cf-ray=571af329c17e /checkout/confirm status=502 upstream=catalogue-api upstream_ms=5854 retry=0 msg="catalogue-api: 503 from price resolver"
2026-09-19T18:22:58Z edge cf-ray=4ed7e4a8bde4 /cart/lines status=503 upstream=catalogue-api upstream_ms=5972 retry=2 msg="catalogue-api: no healthy upstream"
2026-09-19T18:33:27Z edge cf-ray=38886a692a9b /cart/lines status=502 upstream=catalogue-api upstream_ms=3592 retry=2 msg="connection reset by peer while reading price list"
2026-09-19T18:44:56Z edge cf-ray=d25ed7279675 /cart/lines status=503 upstream=catalogue-api upstream_ms=1234 retry=2 msg="price resolver busy, queue depth 412"
2026-09-19T18:55:25Z edge cf-ray=cf1d7984ce4a /checkout/pay status=502 upstream=catalogue-api upstream_ms=7890 retry=1 msg="catalogue-api: no healthy upstream"
2026-09-19T18:06:54Z edge cf-ray=ad074566e4b1 /checkout/pay status=503 upstream=catalogue-api upstream_ms=2030 retry=1 msg="catalogue-api: read timeout after 8s"
2026-09-19T18:17:23Z edge cf-ray=2cf0a491a36a /checkout/quote status=502 upstream=catalogue-api upstream_ms=1191 retry=1 msg="catalogue-api: 503 from price resolver"
2026-09-19T18:28:52Z edge cf-ray=b362c4b14731 /cart/apply-code status=502 upstream=catalogue-api upstream_ms=6696 retry=2 msg="catalogue-api: read timeout after 8s"
2026-09-19T18:39:21Z edge cf-ray=72ab35c85232 /checkout/quote status=504 upstream=catalogue-api upstream_ms=1246 retry=1 msg="catalogue-api: read timeout after 8s"
2026-09-19T18:50:50Z edge cf-ray=103fc7ca2918 /checkout/quote status=503 upstream=catalogue-api upstream_ms=2834 retry=2 msg="catalogue-api: read timeout after 8s"
2026-09-19T18:01:19Z edge cf-ray=1460cf8ef591 /checkout/address status=503 upstream=catalogue-api upstream_ms=3737 retry=2 msg="catalogue-api: 503 from price resolver"
2026-09-19T18:12:48Z edge cf-ray=0bf947ea4f79 /checkout/shipping status=502 upstream=catalogue-api upstream_ms=1868 retry=0 msg="catalogue-api: read timeout after 8s"
2026-09-19T18:23:17Z edge cf-ray=e5cfb5305669 /checkout/address status=503 upstream=catalogue-api upstream_ms=9263 retry=1 msg="catalogue-api: read timeout after 8s"
2026-09-19T18:34:46Z edge cf-ray=c7044e4ce278 /cart status=503 upstream=catalogue-api upstream_ms=9031 retry=1 msg="catalogue-api: no healthy upstream"
2026-09-19T18:45:15Z edge cf-ray=bc0b228d4329 /cart/lines status=504 upstream=catalogue-api upstream_ms=6983 retry=1 msg="connection reset by peer while reading price list"
2026-09-19T18:56:44Z edge cf-ray=622f056a54ee /checkout/confirm status=502 upstream=catalogue-api upstream_ms=6367 retry=0 msg="price resolver busy, queue depth 412"
2026-09-19T18:07:13Z edge cf-ray=02fb586a2c10 /checkout/confirm status=503 upstream=catalogue-api upstream_ms=5209 retry=0 msg="price resolver busy, queue depth 412"
2026-09-19T18:18:42Z edge cf-ray=ea9ccaa58e63 /checkout/confirm status=503 upstream=catalogue-api upstream_ms=1691 retry=1 msg="catalogue-api: no healthy upstream"
2026-09-19T18:29:11Z edge cf-ray=5d7a7304609f /cart status=503 upstream=catalogue-api upstream_ms=7097 retry=0 msg="price resolver busy, queue depth 412"
2026-09-19T18:40:40Z edge cf-ray=17b0b129a54d /checkout/address status=503 upstream=catalogue-api upstream_ms=7391 retry=0 msg="catalogue-api: no healthy upstream"
2026-09-19T18:51:09Z edge cf-ray=cb37e4d61c44 /cart/apply-code status=503 upstream=catalogue-api upstream_ms=3590 retry=2 msg="price resolver busy, queue depth 412"
2026-09-19T18:02:38Z edge cf-ray=c29dfffcf96b /checkout/pay status=503 upstream=catalogue-api upstream_ms=7656 retry=0 msg="catalogue-api: 503 from price resolver"
2026-09-19T18:13:07Z edge cf-ray=a5cc75137af9 /checkout/confirm status=502 upstream=catalogue-api upstream_ms=3867 retry=0 msg="price resolver busy, queue depth 412"
2026-09-19T18:24:36Z edge cf-ray=7fad392662cf /checkout/pay status=502 upstream=catalogue-api upstream_ms=9640 retry=0 msg="price resolver busy, queue depth 412"
2026-09-19T18:35:05Z edge cf-ray=b80fc14d838b /cart/apply-code status=503 upstream=catalogue-api upstream_ms=6865 retry=1 msg="catalogue-api: no healthy upstream"
2026-09-19T18:46:34Z edge cf-ray=3e7dfd6f78c9 /cart/lines status=503 upstream=catalogue-api upstream_ms=2494 retry=1 msg="catalogue-api: no healthy upstream"
2026-09-19T18:57:03Z edge cf-ray=4679db655d02 /checkout/shipping status=503 upstream=catalogue-api upstream_ms=4185 retry=2 msg="catalogue-api: read timeout after 8s"
2026-09-19T18:08:32Z edge cf-ray=abae341d273a /cart/lines status=503 upstream=catalogue-api upstream_ms=5989 retry=1 msg="catalogue-api: 503 from price resolver"
2026-09-19T18:19:01Z edge cf-ray=e7c76ca820f6 /checkout/pay status=503 upstream=catalogue-api upstream_ms=3758 retry=2 msg="catalogue-api: no healthy upstream"
2026-09-19T18:30:30Z edge cf-ray=74ed2ce53dff /checkout/address status=504 upstream=catalogue-api upstream_ms=7153 retry=0 msg="catalogue-api: no healthy upstream"
2026-09-19T18:41:59Z edge cf-ray=d1174b04d990 /checkout/quote status=503 upstream=catalogue-api upstream_ms=8097 retry=1 msg="price resolver busy, queue depth 412"
2026-09-19T18:52:28Z edge cf-ray=56ded51f3fb8 /cart/lines status=503 upstream=catalogue-api upstream_ms=5982 retry=0 msg="catalogue-api: read timeout after 8s"
2026-09-19T18:03:57Z edge cf-ray=8f7adbbb6010 /cart/lines status=503 upstream=catalogue-api upstream_ms=2330 retry=0 msg="price resolver busy, queue depth 412"
2026-09-19T18:14:26Z edge cf-ray=ad151fe1574c /cart status=503 upstream=catalogue-api upstream_ms=4039 retry=0 msg="price resolver busy, queue depth 412"
2026-09-19T18:25:55Z edge cf-ray=2715e2234c4c /checkout/shipping status=503 upstream=catalogue-api upstream_ms=1519 retry=0 msg="price resolver busy, queue depth 412"
2026-09-19T18:36:24Z edge cf-ray=ed8f9b52cd6e /cart/lines status=503 upstream=catalogue-api upstream_ms=5855 retry=2 msg="catalogue-api: 503 from price resolver"
2026-09-19T18:47:53Z edge cf-ray=17c0b878a315 /checkout/confirm status=503 upstream=catalogue-api upstream_ms=8265 retry=0 msg="catalogue-api: read timeout after 8s"
2026-09-19T18:58:22Z edge cf-ray=bed7d57a6f09 /checkout/quote status=503 upstream=catalogue-api upstream_ms=6347 retry=2 msg="price resolver busy, queue depth 412"
2026-09-19T18:09:51Z edge cf-ray=de6c4d100f56 /cart/lines status=502 upstream=catalogue-api upstream_ms=2599 retry=0 msg="catalogue-api: read timeout after 8s"
2026-09-19T18:20:20Z edge cf-ray=ce100dbc69c2 /checkout/quote status=503 upstream=catalogue-api upstream_ms=9489 retry=1 msg="catalogue-api: 503 from price resolver"
2026-09-19T18:31:49Z edge cf-ray=29398948d141 /checkout/shipping status=503 upstream=catalogue-api upstream_ms=2677 retry=1 msg="catalogue-api: read timeout after 8s"
2026-09-19T18:42:18Z edge cf-ray=bdfd79e3a590 /checkout/shipping status=503 upstream=catalogue-api upstream_ms=8356 retry=1 msg="connection reset by peer while reading price list"
2026-09-19T18:53:47Z edge cf-ray=67273b4756b3 /cart status=504 upstream=catalogue-api upstream_ms=5255 retry=1 msg="catalogue-api: no healthy upstream"
2026-09-19T18:04:16Z edge cf-ray=8b75372b02ba /cart/apply-code status=502 upstream=catalogue-api upstream_ms=9090 retry=2 msg="connection reset by peer while reading price list"
2026-09-19T18:15:45Z edge cf-ray=9d678eb38364 /checkout/shipping status=503 upstream=catalogue-api upstream_ms=7007 retry=0 msg="catalogue-api: read timeout after 8s"
2026-09-19T18:26:14Z edge cf-ray=7c18cf6e9682 /checkout/shipping status=503 upstream=catalogue-api upstream_ms=3703 retry=0 msg="catalogue-api: 503 from price resolver"
2026-09-19T18:37:43Z edge cf-ray=6ee04278a110 /cart/apply-code status=503 upstream=catalogue-api upstream_ms=2945 retry=1 msg="price resolver busy, queue depth 412"
2026-09-19T18:48:12Z edge cf-ray=caf853800899 /checkout/confirm status=502 upstream=catalogue-api upstream_ms=4978 retry=0 msg="connection reset by peer while reading price list"
2026-09-19T18:59:41Z edge cf-ray=d3f0d05ab04b /checkout/pay status=503 upstream=catalogue-api upstream_ms=5093 retry=0 msg="catalogue-api: no healthy upstream"
2026-09-19T18:10:10Z edge cf-ray=26ca322aae8a /checkout/quote status=503 upstream=catalogue-api upstream_ms=7865 retry=2 msg="connection reset by peer while reading price list"
2026-09-19T18:21:39Z edge cf-ray=cccc22d7fa40 /checkout/confirm status=502 upstream=catalogue-api upstream_ms=7641 retry=0 msg="catalogue-api: 503 from price resolver"
2026-09-19T18:32:08Z edge cf-ray=467af04ee89c /checkout/pay status=502 upstream=catalogue-api upstream_ms=6311 retry=0 msg="catalogue-api: read timeout after 8s"
2026-09-19T18:43:37Z edge cf-ray=58594a19afe4 /checkout/address status=503 upstream=catalogue-api upstream_ms=2365 retry=2 msg="catalogue-api: read timeout after 8s"
2026-09-19T18:54:06Z edge cf-ray=1561aa194843 /checkout/shipping status=503 upstream=catalogue-api upstream_ms=8626 retry=1 msg="catalogue-api: 503 from price resolver"
2026-09-19T18:05:35Z edge cf-ray=95ec97abf0c5 /checkout/confirm status=502 upstream=catalogue-api upstream_ms=4555 retry=0 msg="connection reset by peer while reading price list"
2026-09-19T18:16:04Z edge cf-ray=d5ba4bce206b /checkout/shipping status=503 upstream=catalogue-api upstream_ms=1787 retry=2 msg="connection reset by peer while reading price list"
2026-09-19T18:27:33Z edge cf-ray=c9711ed5af32 /checkout/quote status=503 upstream=catalogue-api upstream_ms=7378 retry=2 msg="connection reset by peer while reading price list"
2026-09-19T18:38:02Z edge cf-ray=97252761f0bd /checkout/quote status=502 upstream=catalogue-api upstream_ms=2883 retry=0 msg="catalogue-api: no healthy upstream"
2026-09-19T18:49:31Z edge cf-ray=43fc6a984e3f /checkout/shipping status=502 upstream=catalogue-api upstream_ms=4788 retry=2 msg="connection reset by peer while reading price list"
2026-09-19T18:00:00Z edge cf-ray=5c54200e84e6 /cart/lines status=503 upstream=catalogue-api upstream_ms=3417 retry=2 msg="catalogue-api: read timeout after 8s"
2026-09-19T18:11:29Z edge cf-ray=493a210f9ea8 /cart/lines status=503 upstream=catalogue-api upstream_ms=7951 retry=1 msg="connection reset by peer while reading price list"
2026-09-19T18:22:58Z edge cf-ray=fb87f7aeccbd /checkout/address status=503 upstream=catalogue-api upstream_ms=4495 retry=2 msg="connection reset by peer while reading price list"
2026-09-19T18:33:27Z edge cf-ray=94a584bdae64 /cart/apply-code status=503 upstream=catalogue-api upstream_ms=9863 retry=0 msg="catalogue-api: 503 from price resolver"
2026-09-19T18:44:56Z edge cf-ray=b30867f9b01f /cart status=504 upstream=catalogue-api upstream_ms=7598 retry=0 msg="connection reset by peer while reading price list"
2026-09-19T18:55:25Z edge cf-ray=3945148f450b /checkout/quote status=503 upstream=catalogue-api upstream_ms=3892 retry=2 msg="connection reset by peer while reading price list"
