# browser session trace exported from the customer's console, 2026-09-22 morning
# collected by Dev Kaur (Halberd & Fen) while placing a test order
2026-09-22T09:17:37.097Z [nav] POST /cart?v=945 -> 200 in 7342ms (retried)
2026-09-22T09:34:14.194Z [err] GET /checkout/shipping?v=188 -> 504 in 8601ms (aborted by user)
2026-09-22T09:51:51.291Z [nav] POST /checkout/pay?v=417 -> 504 in 8312ms
2026-09-22T09:08:28.388Z [nav] POST /checkout/pay?v=379 -> 200 in 195ms (aborted by user)
2026-09-22T09:25:05.485Z [log] GET /checkout/confirm?v=618 -> 504 in 5059ms (aborted by user)
2026-09-22T09:42:42.582Z [err] GET /cart/lines?v=775 -> 503 in 5825ms (from cache)
2026-09-22T09:59:19.679Z [nav] POST /checkout/address?v=413 -> 503 in 322ms
2026-09-22T09:16:56.776Z [err] POST /cart?v=57 -> 504 in 1670ms (from cache)
2026-09-22T09:33:33.873Z [err] POST /checkout/confirm?v=810 -> 503 in 3619ms (aborted by user)
2026-09-22T09:50:10.970Z [nav] POST /cart/apply-code?v=843 -> 200 in 4673ms (from cache)
2026-09-22T09:07:47.067Z [err] POST /checkout/confirm?v=35 -> 200 in 4762ms (retried)
2026-09-22T09:24:24.164Z [nav] POST /checkout/quote?v=834 -> 503 in 1918ms
2026-09-22T09:41:01.261Z [log] GET /checkout/pay?v=799 -> 200 in 3031ms
2026-09-22T09:58:38.358Z [log] GET /checkout/address?v=309 -> 504 in 3856ms
2026-09-22T09:15:15.455Z [nav] POST /checkout/address?v=178 -> 504 in 6155ms (aborted by user)
2026-09-22T09:32:52.552Z [nav] POST /cart?v=721 -> 200 in 4446ms (from cache)
2026-09-22T09:49:29.649Z [nav] POST /checkout/pay?v=410 -> 200 in 3512ms (aborted by user)
2026-09-22T09:06:06.746Z [xhr] GET /checkout/quote?v=862 -> 200 in 6468ms
2026-09-22T09:23:43.843Z [xhr] POST /cart?v=427 -> 200 in 1813ms (retried)
2026-09-22T09:40:20.940Z [err] POST /cart/apply-code?v=287 -> 200 in 1388ms (from cache)
2026-09-22T09:57:57.037Z [log] POST /checkout/address?v=202 -> 200 in 3426ms (from cache)
2026-09-22T09:14:34.134Z [err] POST /cart/lines?v=845 -> 504 in 3574ms
2026-09-22T09:31:11.231Z [log] GET /cart/apply-code?v=727 -> 503 in 3732ms (aborted by user)
2026-09-22T09:48:48.328Z [xhr] POST /checkout/pay?v=769 -> 503 in 2385ms (retried)
2026-09-22T09:05:25.425Z [err] GET /cart?v=779 -> 504 in 5259ms (from cache)
2026-09-22T09:22:02.522Z [log] POST /checkout/address?v=551 -> 200 in 3628ms (from cache)
2026-09-22T09:39:39.619Z [nav] GET /checkout/pay?v=410 -> 503 in 4465ms (retried)
2026-09-22T09:56:16.716Z [xhr] POST /cart?v=82 -> 504 in 1373ms (retried)
2026-09-22T09:13:53.813Z [log] POST /cart/apply-code?v=82 -> 200 in 1822ms
2026-09-22T09:30:30.910Z [err] POST /cart/lines?v=777 -> 200 in 4941ms
2026-09-22T09:47:07.007Z [err] POST /checkout/pay?v=347 -> 504 in 2413ms (aborted by user)
2026-09-22T09:04:44.104Z [err] POST /cart?v=760 -> 200 in 8357ms
2026-09-22T09:21:21.201Z [xhr] GET /checkout/confirm?v=747 -> 200 in 3180ms (aborted by user)
2026-09-22T09:38:58.298Z [nav] POST /checkout/confirm?v=818 -> 200 in 4001ms (retried)
2026-09-22T09:55:35.395Z [log] GET /checkout/confirm?v=601 -> 200 in 1342ms (from cache)
2026-09-22T09:12:12.492Z [nav] POST /cart/lines?v=317 -> 504 in 7302ms (retried)
2026-09-22T09:29:49.589Z [xhr] GET /cart/lines?v=173 -> 200 in 6825ms (aborted by user)
2026-09-22T09:46:26.686Z [err] POST /cart/lines?v=103 -> 504 in 2804ms
2026-09-22T09:03:03.783Z [nav] POST /checkout/shipping?v=902 -> 200 in 1616ms (from cache)
2026-09-22T09:20:40.880Z [log] GET /checkout/confirm?v=13 -> 503 in 1608ms (aborted by user)
2026-09-22T09:37:17.977Z [nav] GET /cart?v=711 -> 503 in 791ms (retried)
2026-09-22T09:54:54.074Z [err] GET /checkout/pay?v=472 -> 200 in 7222ms (from cache)
2026-09-22T09:11:31.171Z [log] POST /checkout/shipping?v=118 -> 200 in 1028ms (from cache)
2026-09-22T09:28:08.268Z [xhr] POST /checkout/quote?v=920 -> 504 in 6193ms (retried)
2026-09-22T09:45:45.365Z [nav] POST /cart/lines?v=375 -> 200 in 6494ms (from cache)
2026-09-22T09:02:22.462Z [xhr] GET /cart/lines?v=703 -> 503 in 2867ms (retried)
2026-09-22T09:19:59.559Z [err] POST /cart?v=983 -> 200 in 150ms (retried)
2026-09-22T09:36:36.656Z [log] POST /checkout/shipping?v=807 -> 504 in 2602ms (retried)
2026-09-22T09:53:13.753Z [log] GET /checkout/shipping?v=80 -> 200 in 5816ms
2026-09-22T09:10:50.850Z [xhr] POST /checkout/address?v=170 -> 504 in 4642ms
2026-09-22T09:27:27.947Z [log] GET /cart/apply-code?v=697 -> 200 in 7751ms (retried)
2026-09-22T09:44:04.044Z [err] POST /checkout/quote?v=84 -> 200 in 6924ms (from cache)
2026-09-22T09:01:41.141Z [nav] POST /cart?v=340 -> 503 in 789ms (retried)
2026-09-22T09:18:18.238Z [xhr] GET /checkout/address?v=282 -> 504 in 6217ms (from cache)
2026-09-22T09:35:55.335Z [xhr] POST /cart?v=530 -> 200 in 1901ms
2026-09-22T09:52:32.432Z [nav] POST /checkout/address?v=902 -> 200 in 4795ms
2026-09-22T09:09:09.529Z [log] POST /cart/lines?v=698 -> 503 in 4463ms (aborted by user)
2026-09-22T09:26:46.626Z [xhr] GET /checkout/shipping?v=377 -> 504 in 8541ms
2026-09-22T09:43:23.723Z [err] POST /checkout/address?v=33 -> 200 in 5233ms (retried)
2026-09-22T09:00:00.820Z [xhr] POST /cart/lines?v=935 -> 200 in 872ms (aborted by user)
2026-09-22T09:17:37.917Z [log] GET /checkout/confirm?v=806 -> 200 in 5410ms
2026-09-22T09:34:14.014Z [err] POST /cart/lines?v=627 -> 503 in 7234ms (from cache)
2026-09-22T09:51:51.111Z [log] POST /checkout/pay?v=284 -> 503 in 816ms (retried)
2026-09-22T09:08:28.208Z [log] GET /checkout/pay?v=654 -> 504 in 1766ms
2026-09-22T09:25:05.305Z [log] POST /cart/lines?v=872 -> 503 in 5231ms (from cache)
2026-09-22T09:42:42.402Z [xhr] POST /checkout/pay?v=908 -> 200 in 6089ms
2026-09-22T09:59:19.499Z [xhr] POST /checkout/shipping?v=802 -> 503 in 7325ms (retried)
2026-09-22T09:16:56.596Z [err] POST /cart/lines?v=319 -> 503 in 5383ms (aborted by user)
2026-09-22T09:33:33.693Z [nav] GET /cart/apply-code?v=529 -> 504 in 1173ms (aborted by user)
2026-09-22T09:50:10.790Z [err] POST /checkout/confirm?v=479 -> 503 in 5947ms (retried)
2026-09-22T09:07:47.887Z [err] GET /checkout/address?v=704 -> 200 in 6942ms (from cache)
2026-09-22T09:24:24.984Z [nav] POST /cart/apply-code?v=673 -> 200 in 643ms
2026-09-22T09:41:01.081Z [nav] POST /checkout/address?v=229 -> 504 in 3731ms (aborted by user)
2026-09-22T09:58:38.178Z [err] POST /checkout/shipping?v=259 -> 503 in 1725ms (retried)
2026-09-22T09:15:15.275Z [xhr] POST /checkout/quote?v=641 -> 200 in 3644ms (aborted by user)
2026-09-22T09:32:52.372Z [log] POST /checkout/pay?v=724 -> 200 in 1579ms (aborted by user)
2026-09-22T09:49:29.469Z [log] POST /checkout/pay?v=213 -> 503 in 113ms (from cache)
2026-09-22T09:06:06.566Z [xhr] POST /checkout/confirm?v=109 -> 200 in 5707ms
2026-09-22T09:23:43.663Z [log] POST /checkout/pay?v=926 -> 504 in 1994ms (from cache)
2026-09-22T09:40:20.760Z [err] POST /checkout/address?v=39 -> 503 in 4856ms (from cache)
2026-09-22T09:57:57.857Z [xhr] POST /checkout/shipping?v=671 -> 504 in 6516ms (retried)
2026-09-22T09:14:34.954Z [err] GET /cart/lines?v=85 -> 200 in 6975ms (retried)
2026-09-22T09:31:11.051Z [log] POST /checkout/shipping?v=807 -> 503 in 1165ms
2026-09-22T09:48:48.148Z [xhr] POST /cart/apply-code?v=776 -> 504 in 3908ms (retried)
2026-09-22T09:05:25.245Z [log] POST /checkout/address?v=614 -> 503 in 5738ms (from cache)
2026-09-22T09:22:02.342Z [xhr] GET /checkout/confirm?v=438 -> 503 in 3287ms (retried)
2026-09-22T09:39:39.439Z [nav] POST /checkout/shipping?v=290 -> 504 in 5950ms (from cache)
2026-09-22T09:56:16.536Z [err] POST /checkout/quote?v=538 -> 504 in 5355ms (from cache)
2026-09-22T09:13:53.633Z [nav] GET /cart/apply-code?v=800 -> 200 in 5032ms (from cache)
2026-09-22T09:30:30.730Z [xhr] GET /cart?v=148 -> 200 in 4705ms (retried)
2026-09-22T09:47:07.827Z [xhr] GET /checkout/pay?v=492 -> 504 in 2567ms (from cache)
2026-09-22T09:04:44.924Z [err] POST /cart/lines?v=845 -> 200 in 1498ms (from cache)
2026-09-22T09:21:21.021Z [nav] GET /cart?v=364 -> 504 in 6562ms (aborted by user)
2026-09-22T09:38:58.118Z [xhr] GET /cart/lines?v=704 -> 504 in 3947ms (aborted by user)
2026-09-22T09:55:35.215Z [nav] POST /cart/lines?v=80 -> 200 in 2498ms (retried)
2026-09-22T09:12:12.312Z [nav] POST /checkout/pay?v=626 -> 503 in 7596ms (aborted by user)
2026-09-22T09:29:49.409Z [nav] POST /cart/lines?v=973 -> 200 in 3118ms (from cache)
2026-09-22T09:46:26.506Z [log] POST /checkout/quote?v=111 -> 504 in 3760ms (retried)
2026-09-22T09:03:03.603Z [nav] POST /checkout/quote?v=206 -> 504 in 8218ms
2026-09-22T09:20:40.700Z [log] GET /checkout/confirm?v=615 -> 504 in 8576ms (retried)
2026-09-22T09:37:17.797Z [xhr] POST /cart/lines?v=875 -> 504 in 8068ms
2026-09-22T09:54:54.894Z [xhr] GET /cart/lines?v=574 -> 503 in 7211ms (retried)
2026-09-22T09:11:31.991Z [xhr] POST /checkout/quote?v=414 -> 200 in 1340ms (aborted by user)
2026-09-22T09:28:08.088Z [xhr] GET /checkout/confirm?v=411 -> 200 in 3928ms (from cache)
2026-09-22T09:45:45.185Z [nav] GET /checkout/address?v=754 -> 200 in 6536ms
2026-09-22T09:02:22.282Z [log] POST /cart/apply-code?v=902 -> 504 in 5706ms (aborted by user)
2026-09-22T09:19:59.379Z [err] GET /checkout/address?v=480 -> 503 in 7738ms
2026-09-22T09:36:36.476Z [err] GET /checkout/pay?v=608 -> 200 in 3923ms (aborted by user)
2026-09-22T09:53:13.573Z [xhr] GET /checkout/address?v=901 -> 200 in 5029ms (from cache)
2026-09-22T09:10:50.670Z [nav] POST /checkout/confirm?v=30 -> 503 in 7641ms
2026-09-22T09:27:27.767Z [nav] GET /checkout/shipping?v=960 -> 503 in 5864ms (from cache)
2026-09-22T09:44:04.864Z [xhr] POST /checkout/address?v=30 -> 200 in 6330ms (from cache)
2026-09-22T09:01:41.961Z [xhr] GET /checkout/quote?v=817 -> 200 in 4893ms (from cache)
2026-09-22T09:18:18.058Z [xhr] GET /cart/apply-code?v=632 -> 200 in 2548ms
2026-09-22T09:35:55.155Z [xhr] POST /cart/lines?v=542 -> 200 in 3860ms (retried)
2026-09-22T09:52:32.252Z [err] GET /checkout/address?v=737 -> 504 in 3114ms
2026-09-22T09:09:09.349Z [nav] POST /cart/lines?v=308 -> 200 in 6687ms (from cache)
2026-09-22T09:26:46.446Z [err] GET /checkout/pay?v=903 -> 200 in 8733ms (retried)
2026-09-22T09:43:23.543Z [nav] POST /cart/apply-code?v=997 -> 200 in 4678ms (aborted by user)
2026-09-22T09:00:00.640Z [log] POST /checkout/shipping?v=77 -> 503 in 2036ms (from cache)
2026-09-22T09:17:37.737Z [nav] POST /cart/lines?v=76 -> 200 in 5967ms
2026-09-22T09:34:14.834Z [nav] POST /checkout/confirm?v=164 -> 503 in 3401ms
2026-09-22T09:51:51.931Z [nav] POST /cart/lines?v=708 -> 200 in 5028ms (from cache)
2026-09-22T09:08:28.028Z [log] POST /cart/lines?v=99 -> 200 in 4338ms (aborted by user)
2026-09-22T09:25:05.125Z [err] POST /checkout/quote?v=173 -> 503 in 2443ms
2026-09-22T09:42:42.222Z [log] GET /checkout/quote?v=42 -> 200 in 2184ms
2026-09-22T09:59:19.319Z [log] GET /cart?v=387 -> 504 in 8711ms
2026-09-22T09:16:56.416Z [err] POST /checkout/quote?v=961 -> 200 in 5127ms (retried)
2026-09-22T09:33:33.513Z [log] GET /cart/lines?v=579 -> 503 in 3280ms (retried)
2026-09-22T09:50:10.610Z [nav] POST /cart/lines?v=506 -> 200 in 8044ms (retried)
2026-09-22T09:07:47.707Z [nav] POST /checkout/pay?v=538 -> 504 in 7318ms (retried)
2026-09-22T09:24:24.804Z [xhr] POST /checkout/address?v=289 -> 504 in 7459ms (from cache)
2026-09-22T09:41:01.901Z [nav] POST /cart?v=943 -> 503 in 6677ms (retried)
2026-09-22T09:58:38.998Z [xhr] POST /cart/apply-code?v=927 -> 200 in 4883ms (aborted by user)
2026-09-22T09:15:15.095Z [nav] POST /cart?v=462 -> 200 in 5088ms
2026-09-22T09:32:52.192Z [xhr] GET /cart/apply-code?v=623 -> 200 in 3282ms
2026-09-22T09:49:29.289Z [err] GET /checkout/shipping?v=602 -> 200 in 4912ms (aborted by user)
2026-09-22T09:06:06.386Z [xhr] POST /cart/lines?v=319 -> 503 in 4458ms
2026-09-22T09:23:43.483Z [err] GET /checkout/pay?v=542 -> 200 in 1448ms (retried)
2026-09-22T09:40:20.580Z [xhr] GET /checkout/address?v=166 -> 200 in 7957ms (retried)
2026-09-22T09:57:57.677Z [log] POST /checkout/pay?v=785 -> 200 in 5869ms (from cache)
2026-09-22T09:14:34.774Z [log] POST /checkout/pay?v=707 -> 503 in 350ms (retried)
2026-09-22T09:31:11.871Z [xhr] POST /checkout/quote?v=200 -> 200 in 8156ms (from cache)
2026-09-22T09:48:48.968Z [err] POST /checkout/quote?v=707 -> 200 in 7945ms (retried)
2026-09-22T09:05:25.065Z [log] GET /checkout/pay?v=128 -> 504 in 6600ms (retried)
2026-09-22T09:22:02.162Z [xhr] GET /checkout/address?v=825 -> 504 in 1291ms (retried)
2026-09-22T09:39:39.259Z [nav] POST /cart/apply-code?v=585 -> 200 in 906ms (from cache)
2026-09-22T09:56:16.356Z [nav] POST /checkout/shipping?v=303 -> 504 in 6081ms (aborted by user)
2026-09-22T09:13:53.453Z [xhr] GET /cart/apply-code?v=732 -> 504 in 5460ms
2026-09-22T09:30:30.550Z [err] GET /cart/apply-code?v=28 -> 503 in 2716ms (aborted by user)
2026-09-22T09:47:07.647Z [log] POST /checkout/confirm?v=170 -> 503 in 2996ms (aborted by user)
2026-09-22T09:04:44.744Z [xhr] POST /checkout/shipping?v=490 -> 503 in 5185ms (aborted by user)
2026-09-22T09:21:21.841Z [xhr] POST /checkout/address?v=72 -> 200 in 925ms (retried)
2026-09-22T09:38:58.938Z [nav] POST /checkout/pay?v=490 -> 200 in 3991ms (retried)
2026-09-22T09:55:35.035Z [xhr] GET /cart?v=911 -> 200 in 1101ms (from cache)
2026-09-22T09:12:12.132Z [xhr] GET /checkout/shipping?v=875 -> 200 in 7332ms
2026-09-22T09:29:49.229Z [nav] GET /checkout/address?v=519 -> 504 in 3228ms (aborted by user)
2026-09-22T09:46:26.326Z [log] POST /cart/lines?v=713 -> 503 in 1115ms (aborted by user)
2026-09-22T09:03:03.423Z [xhr] POST /cart?v=419 -> 200 in 4379ms
2026-09-22T09:20:40.520Z [nav] POST /checkout/shipping?v=969 -> 200 in 5883ms (retried)
2026-09-22T09:37:17.617Z [err] GET /checkout/address?v=185 -> 503 in 1510ms (from cache)
2026-09-22T09:54:54.714Z [nav] GET /checkout/address?v=968 -> 200 in 5745ms (from cache)
2026-09-22T09:11:31.811Z [log] POST /checkout/address?v=564 -> 200 in 7883ms (retried)
2026-09-22T09:28:08.908Z [err] POST /checkout/address?v=267 -> 200 in 7462ms (retried)
2026-09-22T09:45:45.005Z [xhr] POST /checkout/confirm?v=728 -> 503 in 4201ms (aborted by user)
2026-09-22T09:02:22.102Z [log] POST /cart?v=816 -> 503 in 7536ms
2026-09-22T09:19:59.199Z [xhr] POST /checkout/pay?v=491 -> 503 in 6951ms
2026-09-22T09:36:36.296Z [nav] GET /cart/apply-code?v=68 -> 503 in 3934ms (from cache)
2026-09-22T09:53:13.393Z [nav] GET /checkout/address?v=411 -> 200 in 2136ms (aborted by user)
2026-09-22T09:10:50.490Z [nav] GET /checkout/shipping?v=257 -> 200 in 164ms (from cache)
2026-09-22T09:27:27.587Z [log] POST /cart/lines?v=977 -> 200 in 2802ms (aborted by user)
2026-09-22T09:44:04.684Z [log] GET /checkout/quote?v=990 -> 504 in 5622ms (retried)
2026-09-22T09:01:41.781Z [err] POST /checkout/address?v=627 -> 503 in 3416ms (from cache)
2026-09-22T09:18:18.878Z [xhr] GET /checkout/confirm?v=776 -> 200 in 6408ms (from cache)
2026-09-22T09:35:55.975Z [xhr] GET /checkout/address?v=488 -> 200 in 2216ms (retried)
2026-09-22T09:52:32.072Z [xhr] GET /checkout/confirm?v=980 -> 504 in 6308ms (aborted by user)
2026-09-22T09:09:09.169Z [xhr] GET /cart/lines?v=780 -> 504 in 6117ms (from cache)
2026-09-22T09:26:46.266Z [log] GET /checkout/address?v=812 -> 504 in 5148ms
2026-09-22T09:43:23.363Z [nav] POST /checkout/quote?v=296 -> 200 in 215ms (retried)
2026-09-22T09:00:00.460Z [err] GET /cart?v=906 -> 200 in 7123ms (aborted by user)
2026-09-22T09:17:37.557Z [nav] POST /checkout/quote?v=860 -> 200 in 7998ms
2026-09-22T09:34:14.654Z [nav] GET /checkout/confirm?v=803 -> 504 in 8827ms (from cache)
2026-09-22T09:51:51.751Z [xhr] POST /cart?v=285 -> 200 in 5979ms (from cache)
2026-09-22T09:08:28.848Z [xhr] POST /cart/apply-code?v=263 -> 503 in 3582ms (aborted by user)
2026-09-22T09:25:05.945Z [log] POST /cart?v=253 -> 504 in 6652ms
2026-09-22T09:42:42.042Z [xhr] POST /checkout/pay?v=657 -> 504 in 7972ms (aborted by user)
2026-09-22T09:59:19.139Z [err] GET /checkout/pay?v=636 -> 504 in 8035ms (retried)
2026-09-22T09:16:56.236Z [log] GET /checkout/quote?v=809 -> 503 in 4832ms (from cache)
2026-09-22T09:33:33.333Z [log] POST /checkout/quote?v=45 -> 200 in 7926ms (from cache)
2026-09-22T09:50:10.430Z [err] POST /cart?v=592 -> 504 in 3920ms (retried)
2026-09-22T09:07:47.527Z [log] GET /cart?v=680 -> 504 in 8855ms
2026-09-22T09:24:24.624Z [log] GET /checkout/confirm?v=505 -> 200 in 268ms (from cache)
2026-09-22T09:41:01.721Z [log] POST /cart?v=22 -> 200 in 8961ms (retried)
2026-09-22T09:58:38.818Z [xhr] GET /checkout/quote?v=389 -> 200 in 2601ms (from cache)
2026-09-22T09:15:15.915Z [xhr] POST /checkout/shipping?v=673 -> 200 in 1182ms
2026-09-22T09:32:52.012Z [nav] POST /cart?v=908 -> 200 in 3148ms (retried)
2026-09-22T09:49:29.109Z [log] POST /checkout/confirm?v=118 -> 200 in 4067ms (aborted by user)
2026-09-22T09:06:06.206Z [err] POST /cart/apply-code?v=66 -> 200 in 1509ms (aborted by user)
2026-09-22T09:23:43.303Z [xhr] POST /checkout/shipping?v=627 -> 503 in 8427ms (aborted by user)
2026-09-22T09:40:20.400Z [err] GET /checkout/address?v=778 -> 503 in 2119ms (retried)
2026-09-22T09:57:57.497Z [xhr] GET /checkout/quote?v=775 -> 200 in 4406ms (retried)
2026-09-22T09:14:34.594Z [xhr] GET /checkout/confirm?v=128 -> 503 in 7307ms (retried)
2026-09-22T09:31:11.691Z [err] POST /checkout/confirm?v=859 -> 504 in 2976ms (retried)
2026-09-22T09:48:48.788Z [err] GET /checkout/confirm?v=804 -> 200 in 1645ms
2026-09-22T09:05:25.885Z [xhr] GET /checkout/confirm?v=225 -> 200 in 6511ms (aborted by user)
2026-09-22T09:22:02.982Z [xhr] POST /checkout/quote?v=472 -> 200 in 4171ms (aborted by user)
2026-09-22T09:39:39.079Z [xhr] GET /checkout/shipping?v=512 -> 200 in 8456ms (from cache)
2026-09-22T09:56:16.176Z [err] GET /cart/lines?v=262 -> 200 in 6250ms (aborted by user)
2026-09-22T09:13:53.273Z [nav] GET /checkout/confirm?v=960 -> 200 in 7022ms (aborted by user)
2026-09-22T09:30:30.370Z [log] GET /checkout/confirm?v=872 -> 503 in 8153ms
2026-09-22T09:47:07.467Z [log] GET /checkout/confirm?v=669 -> 503 in 5664ms (from cache)
2026-09-22T09:04:44.564Z [log] GET /cart?v=123 -> 200 in 7497ms
2026-09-22T09:21:21.661Z [xhr] POST /checkout/pay?v=277 -> 200 in 7774ms
2026-09-22T09:38:58.758Z [log] POST /cart?v=314 -> 200 in 7028ms (from cache)
2026-09-22T09:55:35.855Z [xhr] POST /checkout/pay?v=402 -> 200 in 1791ms (retried)
2026-09-22T09:12:12.952Z [xhr] GET /checkout/confirm?v=809 -> 200 in 8524ms (retried)
2026-09-22T09:29:49.049Z [err] POST /checkout/shipping?v=459 -> 200 in 1916ms (aborted by user)
2026-09-22T09:46:26.146Z [nav] POST /checkout/address?v=893 -> 200 in 7602ms (retried)
2026-09-22T09:03:03.243Z [xhr] POST /checkout/shipping?v=827 -> 200 in 7216ms
2026-09-22T09:20:40.340Z [xhr] POST /cart?v=358 -> 503 in 799ms
2026-09-22T09:37:17.437Z [nav] GET /checkout/confirm?v=717 -> 200 in 9016ms
2026-09-22T09:54:54.534Z [xhr] POST /checkout/pay?v=969 -> 200 in 1987ms
2026-09-22T09:11:31.631Z [err] GET /cart/apply-code?v=800 -> 504 in 5865ms
2026-09-22T09:28:08.728Z [nav] GET /cart?v=575 -> 200 in 1636ms (from cache)
2026-09-22T09:45:45.825Z [err] GET /cart?v=912 -> 200 in 8543ms (aborted by user)
2026-09-22T09:02:22.922Z [nav] GET /checkout/shipping?v=394 -> 504 in 8282ms
2026-09-22T09:19:59.019Z [xhr] POST /cart/apply-code?v=569 -> 503 in 6965ms (retried)
2026-09-22T09:36:36.116Z [log] GET /checkout/shipping?v=663 -> 200 in 664ms (aborted by user)
2026-09-22T09:53:13.213Z [nav] POST /checkout/address?v=25 -> 503 in 1952ms
2026-09-22T09:10:50.310Z [xhr] POST /checkout/pay?v=40 -> 200 in 2714ms (aborted by user)
2026-09-22T09:27:27.407Z [nav] POST /cart/apply-code?v=56 -> 504 in 6863ms (from cache)
2026-09-22T09:44:04.504Z [err] POST /cart/apply-code?v=423 -> 504 in 7905ms (retried)
2026-09-22T09:01:41.601Z [xhr] POST /checkout/quote?v=494 -> 504 in 3820ms (from cache)
2026-09-22T09:18:18.698Z [log] POST /cart/apply-code?v=73 -> 504 in 5247ms
2026-09-22T09:35:55.795Z [nav] POST /cart?v=972 -> 504 in 1724ms (from cache)
2026-09-22T09:52:32.892Z [xhr] POST /checkout/confirm?v=106 -> 200 in 8236ms
2026-09-22T09:09:09.989Z [err] GET /cart?v=498 -> 200 in 6214ms (retried)
2026-09-22T09:26:46.086Z [xhr] GET /cart/apply-code?v=725 -> 200 in 6646ms (retried)
2026-09-22T09:43:23.183Z [log] POST /cart/lines?v=551 -> 503 in 5556ms (from cache)
2026-09-22T09:00:00.280Z [err] GET /cart/lines?v=205 -> 504 in 3043ms (aborted by user)
2026-09-22T09:17:37.377Z [err] GET /checkout/quote?v=752 -> 200 in 516ms (from cache)
2026-09-22T09:34:14.474Z [xhr] GET /checkout/address?v=640 -> 504 in 7097ms
2026-09-22T09:51:51.571Z [log] POST /checkout/quote?v=821 -> 200 in 1619ms (from cache)
2026-09-22T09:08:28.668Z [log] GET /cart/apply-code?v=566 -> 503 in 2402ms (retried)
2026-09-22T09:25:05.765Z [nav] GET /checkout/confirm?v=280 -> 504 in 8934ms
2026-09-22T09:42:42.862Z [xhr] GET /checkout/shipping?v=639 -> 200 in 7982ms (from cache)
2026-09-22T09:59:19.959Z [log] GET /checkout/pay?v=739 -> 200 in 3850ms
2026-09-22T09:16:56.056Z [nav] POST /checkout/confirm?v=164 -> 200 in 2989ms (aborted by user)
2026-09-22T09:33:33.153Z [err] POST /checkout/confirm?v=613 -> 504 in 4790ms
